// Vitest Snapshot v1, https://vitest.dev/guide/snapshot.html

exports[`SalesCard > matches snapshot 1`] = `
<div
  class="rounded-lg border bg-card text-card-foreground shadow-sm shadow-lg border-0 bg-white min-h-[375px] min-w-[320px]"
>
  <div
    class="flex flex-col space-y-1.5 p-6 pb-2"
  >
    <h3
      class="text-2xl font-semibold leading-none tracking-tight text-[34px] font-semibold text-slate-800"
    >
      Sales
    </h3>
  </div>
  <div
    class="p-6 pt-0 pt-0 flex flex-col justify-between h-full"
  >
    <div
      class="flex flex-col space-y-3"
    >
      <div
        class="items-baseline space-x-2"
      >
        <span
          class="text-[54px] font-bold text-slate-900"
        >
          $
          3,200
        </span>
        <span
          class="text-[25px] font-medium text-green-600 flex items-center"
        >
          <span
            class="mr-1"
          >
            â†—
          </span>
          12.5
          %
        </span>
      </div>
    </div>
    <div
      class="h-[150px] w-full"
    >
      <div
        class="recharts-responsive-container"
        style="width: 100%; height: 100%; min-width: 0;"
      />
    </div>
  </div>
</div>
`;
